<html>
<body>
<pre>
<h1>µVision Build Log</h1>
<h2>Tool Versions:</h2>
IDE-Version: ¦ÌVision V5.24.2.0
Copyright (C) 2017 ARM Ltd and ARM Germany GmbH. All rights reserved.
License Information: 1 1, 1, LIC=ZB4EI-T7CCY-VEQHA-1N4X5-P61JZ-TPQWV
 
Tool Versions:
Toolchain:       MDK-ARM Plus  Version: 5.24.1
Toolchain Path:  E:\Keil5\ARM\ARMCC\Bin
C Compiler:      Armcc.exe V5.06 update 5 (build 528)
Assembler:       Armasm.exe V5.06 update 5 (build 528)
Linker/Locator:  ArmLink.exe V5.06 update 5 (build 528)
Library Manager: ArmAr.exe V5.06 update 5 (build 528)
Hex Converter:   FromElf.exe V5.06 update 5 (build 528)
CPU DLL:         SARMCM3.DLL V5.24.1
Dialog DLL:      DCM.DLL V1.16.0.0
Target DLL:      Segger\JL2CM3.dll V2.99.26.0
Dialog DLL:      TCM.DLL V1.32.0.0
 
<h2>Project:</h2>
E:\STM32CubeObject\rmer2023\rmer2023\MDK-ARM\rmer2023.uvprojx
Project File Date:  09/23/2022

<h2>Output:</h2>
*** Using Compiler 'V5.06 update 5 (build 528)', folder: 'E:\Keil5\ARM\ARMCC\Bin'
Build target 'rp_template_hal_v1'
assembling startup_stm32f407xx.s...
compiling bmi270_context.c...
..\Application\DeviceLayer\Imu\bmi270_context.c(524): warning:  #177-D: function "null_ptr_check"  was declared but never referenced
  static int8_t null_ptr_check(const struct bmi2_dev *dev);
..\Application\DeviceLayer\Imu\bmi270_context.c: 1 warning, 0 errors
compiling bmi270.c...
compiling bmi2_ois.c...
compiling bmi2.c...
compiling drv_adda.c...
compiling drv_tim.c...
compiling drv_haltick.c...
compiling chassis_motor.c...
compiling driver.c...
compiling imu_sensor.c...
compiling device.c...
compiling rc_sensor.c...
compiling drv_io.c...
compiling drv_uart.c...
compiling drv_can.c...
compiling soft_iic.c...
compiling bmi.c...
compiling bmi2_common.c...
compiling chassis.c...
compiling pid.c...
compiling crc.c...
compiling rp_math.c...
compiling send_task.c...
compiling system_task.c...
compiling control_task.c...
compiling rp_config.c...
compiling monitor_task.c...
compiling rc_protocol.c...
compiling can_protocol.c...
compiling imu_protocol.c...
compiling kalman.c...
compiling rm_protocol.c...
compiling gpio.c...
compiling main.c...
compiling freertos.c...
compiling adc.c...
compiling can.c...
compiling stm32f4xx_hal_msp.c...
compiling dac.c...
compiling stm32f4xx_it.c...
compiling dma.c...
compiling usart.c...
compiling tim.c...
compiling stm32f4xx_hal_timebase_tim.c...
compiling stm32f4xx_hal_adc_ex.c...
compiling stm32f4xx_hal_rcc_ex.c...
compiling stm32f4xx_hal_adc.c...
compiling stm32f4xx_hal_rcc.c...
compiling stm32f4xx_hal_flash.c...
compiling stm32f4xx_hal_flash_ex.c...
compiling stm32f4xx_hal_pwr.c...
compiling stm32f4xx_hal_flash_ramfunc.c...
compiling stm32f4xx_hal_cortex.c...
compiling stm32f4xx_hal_gpio.c...
compiling stm32f4xx_hal.c...
compiling stm32f4xx_hal_dma_ex.c...
compiling stm32f4xx_hal_dma.c...
compiling arm_mat_init_f32.c...
compiling arm_mat_add_f32.c...
compiling stm32f4xx_hal_pwr_ex.c...
compiling croutine.c...
compiling arm_mat_mult_f32.c...
compiling arm_mat_sub_f32.c...
compiling arm_mat_trans_f32.c...
compiling list.c...
compiling arm_mat_inverse_f32.c...
compiling event_groups.c...
compiling stm32f4xx_hal_exti.c...
compiling timers.c...
compiling heap_4.c...
compiling queue.c...
compiling stream_buffer.c...
compiling stm32f4xx_hal_dac.c...
compiling port.c...
compiling tasks.c...
compiling cmsis_os.c...
compiling stm32f4xx_hal_dac_ex.c...
compiling stm32f4xx_hal_can.c...
compiling stm32f4xx_hal_tim_ex.c...
compiling stm32f4xx_hal_tim.c...
compiling system_stm32f4xx.c...
compiling stm32f4xx_hal_uart.c...
linking...
Program Size: Code=42784 RO-data=9128 RW-data=1320 ZI-data=19464  
FromELF: creating hex file...
"rp_template_hal_v1\rp_template_hal_v1.axf" - 0 Error(s), 1 Warning(s).

<h2>Software Packages used:</h2>

Package Vendor: ARM
                http://www.keil.com/pack/ARM.CMSIS.5.9.0.pack
                ARM.CMSIS.5.9.0
                CMSIS (Common Microcontroller Software Interface Standard)
   * Component: CORE Version: 5.6.0

Package Vendor: Keil
                http://www.keil.com/pack/Keil.STM32F4xx_DFP.2.16.0.pack
                Keil.STM32F4xx_DFP.2.16.0
                STMicroelectronics STM32F4 Series Device Support, Drivers and Examples

<h2>Collection of Component include folders:</h2>
  .\RTE\_rp_template_hal_v1
  E:\Keil5\ARM\PACK\ARM\CMSIS\5.9.0\CMSIS\Core\Include
  E:\Keil5\ARM\PACK\Keil\STM32F4xx_DFP\2.16.0\Drivers\CMSIS\Device\ST\STM32F4xx\Include

<h2>Collection of Component Files used:</h2>

   * Component: ARM::CMSIS:CORE:5.6.0
Build Time Elapsed:  00:00:50
</pre>
</body>
</html>
